Archive member included because of file (symbol)

c:/program files (x86)/atmel/atmel toolchain/avr8 gcc/native/3.4.1061/avr8-gnu-toolchain/bin/../lib/gcc/avr/4.8.1/../../../../avr/lib/avr5\libm.a(atan.o)
                              src/config/adc.o (atan)
c:/program files (x86)/atmel/atmel toolchain/avr8 gcc/native/3.4.1061/avr8-gnu-toolchain/bin/../lib/gcc/avr/4.8.1/../../../../avr/lib/avr5\libm.a(fixsfsi.o)
                              src/config/adc.o (__fixsfsi)
c:/program files (x86)/atmel/atmel toolchain/avr8 gcc/native/3.4.1061/avr8-gnu-toolchain/bin/../lib/gcc/avr/4.8.1/../../../../avr/lib/avr5\libm.a(fixunssfsi.o)
                              c:/program files (x86)/atmel/atmel toolchain/avr8 gcc/native/3.4.1061/avr8-gnu-toolchain/bin/../lib/gcc/avr/4.8.1/../../../../avr/lib/avr5\libm.a(fixsfsi.o) (__fixunssfsi)
c:/program files (x86)/atmel/atmel toolchain/avr8 gcc/native/3.4.1061/avr8-gnu-toolchain/bin/../lib/gcc/avr/4.8.1/../../../../avr/lib/avr5\libm.a(floatsisf.o)
                              src/config/adc.o (__floatsisf)
c:/program files (x86)/atmel/atmel toolchain/avr8 gcc/native/3.4.1061/avr8-gnu-toolchain/bin/../lib/gcc/avr/4.8.1/../../../../avr/lib/avr5\libm.a(fp_powser.o)
                              c:/program files (x86)/atmel/atmel toolchain/avr8 gcc/native/3.4.1061/avr8-gnu-toolchain/bin/../lib/gcc/avr/4.8.1/../../../../avr/lib/avr5\libm.a(atan.o) (__fp_powser)
c:/program files (x86)/atmel/atmel toolchain/avr8 gcc/native/3.4.1061/avr8-gnu-toolchain/bin/../lib/gcc/avr/4.8.1/../../../../avr/lib/avr5\libm.a(fp_round.o)
                              c:/program files (x86)/atmel/atmel toolchain/avr8 gcc/native/3.4.1061/avr8-gnu-toolchain/bin/../lib/gcc/avr/4.8.1/../../../../avr/lib/avr5\libm.a(atan.o) (__fp_round)
c:/program files (x86)/atmel/atmel toolchain/avr8 gcc/native/3.4.1061/avr8-gnu-toolchain/bin/../lib/gcc/avr/4.8.1/../../../../avr/lib/avr5\libm.a(fp_split3.o)
                              c:/program files (x86)/atmel/atmel toolchain/avr8 gcc/native/3.4.1061/avr8-gnu-toolchain/bin/../lib/gcc/avr/4.8.1/../../../../avr/lib/avr5\libm.a(fixunssfsi.o) (__fp_splitA)
c:/program files (x86)/atmel/atmel toolchain/avr8 gcc/native/3.4.1061/avr8-gnu-toolchain/bin/../lib/gcc/avr/4.8.1/../../../../avr/lib/avr5\libm.a(fp_zero.o)
                              c:/program files (x86)/atmel/atmel toolchain/avr8 gcc/native/3.4.1061/avr8-gnu-toolchain/bin/../lib/gcc/avr/4.8.1/../../../../avr/lib/avr5\libm.a(fixunssfsi.o) (__fp_zero)
c:/program files (x86)/atmel/atmel toolchain/avr8 gcc/native/3.4.1061/avr8-gnu-toolchain/bin/../lib/gcc/avr/4.8.1/../../../../avr/lib/avr5\libm.a(inverse.o)
                              c:/program files (x86)/atmel/atmel toolchain/avr8 gcc/native/3.4.1061/avr8-gnu-toolchain/bin/../lib/gcc/avr/4.8.1/../../../../avr/lib/avr5\libm.a(atan.o) (inverse)
c:/program files (x86)/atmel/atmel toolchain/avr8 gcc/native/3.4.1061/avr8-gnu-toolchain/bin/../lib/gcc/avr/4.8.1/../../../../avr/lib/avr5\libm.a(mulsf3x.o)
                              c:/program files (x86)/atmel/atmel toolchain/avr8 gcc/native/3.4.1061/avr8-gnu-toolchain/bin/../lib/gcc/avr/4.8.1/../../../../avr/lib/avr5\libm.a(atan.o) (__mulsf3x)
c:/program files (x86)/atmel/atmel toolchain/avr8 gcc/native/3.4.1061/avr8-gnu-toolchain/bin/../lib/gcc/avr/4.8.1/../../../../avr/lib/avr5\libm.a(square.o)
                              c:/program files (x86)/atmel/atmel toolchain/avr8 gcc/native/3.4.1061/avr8-gnu-toolchain/bin/../lib/gcc/avr/4.8.1/../../../../avr/lib/avr5\libm.a(atan.o) (square)
c:/program files (x86)/atmel/atmel toolchain/avr8 gcc/native/3.4.1061/avr8-gnu-toolchain/bin/../lib/gcc/avr/4.8.1/../../../../avr/lib/avr5\libm.a(addsf3x.o)
                              c:/program files (x86)/atmel/atmel toolchain/avr8 gcc/native/3.4.1061/avr8-gnu-toolchain/bin/../lib/gcc/avr/4.8.1/../../../../avr/lib/avr5\libm.a(atan.o) (__addsf3x)
c:/program files (x86)/atmel/atmel toolchain/avr8 gcc/native/3.4.1061/avr8-gnu-toolchain/bin/../lib/gcc/avr/4.8.1/../../../../avr/lib/avr5\libm.a(divsf3.o)
                              c:/program files (x86)/atmel/atmel toolchain/avr8 gcc/native/3.4.1061/avr8-gnu-toolchain/bin/../lib/gcc/avr/4.8.1/../../../../avr/lib/avr5\libm.a(inverse.o) (__divsf3)
c:/program files (x86)/atmel/atmel toolchain/avr8 gcc/native/3.4.1061/avr8-gnu-toolchain/bin/../lib/gcc/avr/4.8.1/../../../../avr/lib/avr5\libm.a(divsf3x.o)
                              c:/program files (x86)/atmel/atmel toolchain/avr8 gcc/native/3.4.1061/avr8-gnu-toolchain/bin/../lib/gcc/avr/4.8.1/../../../../avr/lib/avr5\libm.a(divsf3.o) (__divsf3x)
c:/program files (x86)/atmel/atmel toolchain/avr8 gcc/native/3.4.1061/avr8-gnu-toolchain/bin/../lib/gcc/avr/4.8.1/../../../../avr/lib/avr5\libm.a(fp_inf.o)
                              c:/program files (x86)/atmel/atmel toolchain/avr8 gcc/native/3.4.1061/avr8-gnu-toolchain/bin/../lib/gcc/avr/4.8.1/../../../../avr/lib/avr5\libm.a(mulsf3x.o) (__fp_inf)
[...]
Memory Configuration

Name             Origin             Length             Attributes
text             0x00000000         0x00020000         xr
data             0x00800060         0x0000ffa0         rw !x
eeprom           0x00810000         0x00010000         rw !x
fuse             0x00820000         0x00000400         rw !x
lock             0x00830000         0x00000400         rw !x
signature        0x00840000         0x00000400         rw !x
user_signatures  0x00850000         0x00000400         rw !x
*default*        0x00000000         0xffffffff

Linker script and memory map

Address of section .data set to 0x800100
LOAD c:/program files (x86)/atmel/atmel toolchain/avr8 gcc/native/3.4.1061/avr8-gnu-toolchain/bin/../lib/gcc/avr/4.8.1/../../../../avr/lib/avr5/crtm162.o
LOAD src/ASF/common/boards/user_board/init.o
LOAD src/config/adc.o
LOAD src/config/can_controller.o
LOAD src/config/communication.o
LOAD src/config/mcp2515_driver.o
LOAD src/config/oled.o
LOAD src/config/spi.o
LOAD src/config/usart.o
LOAD src/config/xmem.o
LOAD src/main.o
START GROUP
LOAD c:/program files (x86)/atmel/atmel toolchain/avr8 gcc/native/3.4.1061/avr8-gnu-toolchain/bin/../lib/gcc/avr/4.8.1/../../../../avr/lib/avr5\libm.a
END GROUP
START GROUP
LOAD c:/program files (x86)/atmel/atmel toolchain/avr8 gcc/native/3.4.1061/avr8-gnu-toolchain/bin/../lib/gcc/avr/4.8.1/avr5\libgcc.a
LOAD c:/program files (x86)/atmel/atmel toolchain/avr8 gcc/native/3.4.1061/avr8-gnu-toolchain/bin/../lib/gcc/avr/4.8.1/../../../../avr/lib/avr5\libm.a
LOAD c:/program files (x86)/atmel/atmel toolchain/avr8 gcc/native/3.4.1061/avr8-gnu-toolchain/bin/../lib/gcc/avr/4.8.1/../../../../avr/lib/avr5\libc.a
END GROUP

.hash
 *(.hash)

.dynsym
 *(.dynsym)

.dynstr
 *(.dynstr)

.gnu.version
 *(.gnu.version)

.gnu.version_d
 *(.gnu.version_d)

.gnu.version_r
 *(.gnu.version_r)

.rel.init
 *(.rel.init)

.rela.init
 *(.rela.init)

.rel.text
 *(.rel.text)
 *(.rel.text.*)
 *(.rel.gnu.linkonce.t*)

.rela.text
 *(.rela.text)
 *(.rela.text.*)
 *(.rela.gnu.linkonce.t*)

.rel.fini
 *(.rel.fini)

.rela.fini
 *(.rela.fini)

.rel.rodata
 *(.rel.rodata)
 *(.rel.rodata.*)
 *(.rel.gnu.linkonce.r*)

.rela.rodata
 *(.rela.rodata)
 *(.rela.rodata.*)
 *(.rela.gnu.linkonce.r*)

.rel.data
 *(.rel.data)
 *(.rel.data.*)
 *(.rel.gnu.linkonce.d*)

.rela.data
 *(.rela.data)
 *(.rela.data.*)
 *(.rela.gnu.linkonce.d*)

.rel.ctors
 *(.rel.ctors)

.rela.ctors
 *(.rela.ctors)

.rel.dtors
 *(.rel.dtors)

.rela.dtors
 *(.rela.dtors)

.rel.got
 *(.rel.got)

.rela.got
 *(.rela.got)

.rel.bss
 *(.rel.bss)

.rela.bss
 *(.rela.bss)

.rel.plt
 *(.rel.plt)

.rela.plt
 *(.rela.plt)

.text           0x00000000     0x1c28
 *(.vectors)
 .vectors       0x00000000       0x70 c:/program files (x86)/atmel/atmel toolchain/avr8 gcc/native/3.4.1061/avr8-gnu-toolchain/bin/../lib/gcc/avr/4.8.1/../../../../avr/lib/avr5/crtm162.o
                0x00000000                __vector_default
                0x00000000                __vectors
 *(.vectors)
 *(.progmem.gcc*)
                0x00000070                . = ALIGN (0x2)
                0x00000070                __trampolines_start = .
 *(.trampolines)
 .trampolines   0x00000070        0x0 linker stubs
 *(.trampolines*)
                0x00000070                __trampolines_end = .
 *(.progmem*)
 .progmem.data.font4
                0x00000070      0x17c src/config/oled.o
                0x00000070                font4
 .progmem.data.font5
                0x000001ec      0x1db src/config/oled.o
                0x000001ec                font5
 .progmem.data.font8
                0x000003c7      0x2f8 src/config/oled.o
                0x000003c7                font8
                0x000006c0                . = ALIGN (0x2)
 *fill*         0x000006bf        0x1 
 *(.jumptables)
 *(.jumptables*)
 *(.lowtext)
 *(.lowtext*)
                0x000006c0                __ctors_start = .
 *(.ctors)
                0x000006c0                __ctors_end = .
                0x000006c0                __dtors_start = .
 *(.dtors)
                0x000006c0                __dtors_end = .
 SORT(*)(.ctors)
 SORT(*)(.dtors)
 *(.init0)
 .init0         0x000006c0        0x0 c:/program files (x86)/atmel/atmel toolchain/avr8 gcc/native/3.4.1061/avr8-gnu-toolchain/bin/../lib/gcc/avr/4.8.1/../../../../avr/lib/avr5/crtm162.o
                0x000006c0                __init
 *(.init0)
 *(.init1)
 *(.init1)
 *(.init2)
 .init2         0x000006c0        0xc c:/program files (x86)/atmel/atmel toolchain/avr8 gcc/native/3.4.1061/avr8-gnu-toolchain/bin/../lib/gcc/avr/4.8.1/../../../../avr/lib/avr5/crtm162.o
 *(.init2)
 *(.init3)
 *(.init3)
 *(.init4)
 .init4         0x000006cc       0x16 c:/program files (x86)/atmel/atmel toolchain/avr8 gcc/native/3.4.1061/avr8-gnu-toolchain/bin/../lib/gcc/avr/4.8.1/avr5\libgcc.a(_copy_data.o)
                0x000006cc                __do_copy_data
 .init4         0x000006e2       0x10 c:/program files (x86)/atmel/atmel toolchain/avr8 gcc/native/3.4.1061/avr8-gnu-toolchain/bin/../lib/gcc/avr/4.8.1/avr5\libgcc.a(_clear_bss.o)
                0x000006e2                __do_clear_bss
 *(.init4)
 *(.init5)
 *(.init5)
 *(.init6)
 *(.init6)
 *(.init7)
 *(.init7)
 *(.init8)
 *(.init8)
 *(.init9)
 .init9         0x000006f2        0x6 c:/program files (x86)/atmel/atmel toolchain/avr8 gcc/native/3.4.1061/avr8-gnu-toolchain/bin/../lib/gcc/avr/4.8.1/../../../../avr/lib/avr5/crtm162.o
 *(.init9)
 *(.text)
 .text          0x000006f8        0x2 c:/program files (x86)/atmel/atmel toolchain/avr8 gcc/native/3.4.1061/avr8-gnu-toolchain/bin/../lib/gcc/avr/4.8.1/../../../../avr/lib/avr5/crtm162.o
                0x000006f8                __vector_22
                0x000006f8                __vector_1
                0x000006f8                __vector_24
                0x000006f8                __vector_12
                0x000006f8                __bad_interrupt
                0x000006f8                __vector_6
                0x000006f8                __vector_3
                0x000006f8                __vector_23
                0x000006f8                __vector_25
                0x000006f8                __vector_11
                0x000006f8                __vector_13
                0x000006f8                __vector_17
                0x000006f8                __vector_19
                0x000006f8                __vector_7
                0x000006f8                __vector_27
                0x000006f8                __vector_5
                0x000006f8                __vector_4
                0x000006f8                __vector_9
                0x000006f8                __vector_2
                0x000006f8                __vector_21
                0x000006f8                __vector_15
                0x000006f8                __vector_8
                0x000006f8                __vector_26
                0x000006f8                __vector_14
                0x000006f8                __vector_10
                0x000006f8                __vector_16
                0x000006f8                __vector_18
                0x000006f8                __vector_20
                0x000006fa                . = ALIGN (0x2)
 *(.text.*)
 .text.adc_read
                0x000006fa       0x24 src/config/adc.o
                0x000006fa                adc_read
 .text.adc_joystick_direction
                0x0000071e       0xae src/config/adc.o
                0x0000071e                adc_joystick_direction
 .text.get_joy_adc_direction
                0x000007cc        0xa src/config/adc.o
                0x000007cc                get_joy_adc_direction
 .text.set_joy_adc_direction
                0x000007d6        0x8 src/config/adc.o
                0x000007d6                set_joy_adc_direction
 .text.adc_init
                0x000007de        0x8 src/config/adc.o
                0x000007de                adc_init
 .text.adc_joy_pos_changed
                0x000007e6       0x26 src/config/adc.o
                0x000007e6                adc_joy_pos_changed
 .text.can_init
                0x0000080c       0xaa src/config/can_controller.o
                0x0000080c                can_init
 .text.can_message_send
                0x000008b6       0x4a src/config/can_controller.o
                0x000008b6                can_message_send
 .text.com_navigate_display
                0x00000900      0x1c0 src/config/communication.o
                0x00000900                com_navigate_display
 .text.com_play_game
                0x00000ac0       0xdc src/config/communication.o
                0x00000ac0                com_play_game
 .text.com_reset_score
                0x00000b9c        0xa src/config/communication.o
                0x00000b9c                com_reset_score
 .text.com_get_score
                0x00000ba6        0xa src/config/communication.o
                0x00000ba6                com_get_score
 .text.com_get_back
                0x00000bb0        0xa src/config/communication.o
                0x00000bb0                com_get_back
 .text.com_set_back
                0x00000bba        0xa src/config/communication.o
                0x00000bba                com_set_back
 .text.com_get_start_game
                0x00000bc4        0xa src/config/communication.o
                0x00000bc4                com_get_start_game
 .text.com_set_start_game
                0x00000bce        0xa src/config/communication.o
                0x00000bce                com_set_start_game
 .text.mcp2515_reset
                0x00000bd8       0x22 src/config/mcp2515_driver.o
                0x00000bd8                mcp2515_reset
 .text.mcp2515_init
                0x00000bfa        0x6 src/config/mcp2515_driver.o
                0x00000bfa                mcp2515_init
 .text.mcp2515_read
                0x00000c00       0x3c src/config/mcp2515_driver.o
                0x00000c00                mcp2515_read
 .text.mcp2515_write
                0x00000c3c       0x2e src/config/mcp2515_driver.o
                0x00000c3c                mcp2515_write
 .text.mcp2515_request
                0x00000c6a       0x20 src/config/mcp2515_driver.o
                0x00000c6a                mcp2515_request
 .text.mcp2515_bit_modify
                0x00000c8a       0x30 src/config/mcp2515_driver.o
                0x00000c8a                mcp2515_bit_modify
 .text.oled_columb_range_select
                0x00000cba       0x28 src/config/oled.o
                0x00000cba                oled_columb_range_select
 .text.oled_page_select
                0x00000ce2       0x20 src/config/oled.o
                0x00000ce2                oled_page_select
 .text.oled_clear_page
                0x00000d02       0x1e src/config/oled.o
                0x00000d02                oled_clear_page
 .text.oled_clear_screen
                0x00000d20       0x12 src/config/oled.o
                0x00000d20                oled_clear_screen
 .text.oled_print_char_of_size
                0x00000d32       0x6a src/config/oled.o
                0x00000d32                oled_print_char_of_size
 .text.oled_print_char_of_size_inverted
                0x00000d9c       0x6c src/config/oled.o
                0x00000d9c                oled_print_char_of_size_inverted
 .text.oled_print_char
                0x00000e08       0x22 src/config/oled.o
                0x00000e08                oled_print_char
 .text.oled_print_char_inverted
                0x00000e2a       0x22 src/config/oled.o
                0x00000e2a                oled_print_char_inverted
 .text.oled_printf
                0x00000e4c       0x46 src/config/oled.o
                0x00000e4c                oled_printf
 .text.oled_printf_inverted
                0x00000e92       0x46 src/config/oled.o
                0x00000e92                oled_printf_inverted
 .text.oled_get_joy_pos
                0x00000ed8        0xa src/config/oled.o
                0x00000ed8                oled_get_joy_pos
 .text.oled_display_activity
                0x00000ee2       0x66 src/config/oled.o
                0x00000ee2                oled_display_activity
 .text.oled_init
                0x00000f48       0x68 src/config/oled.o
                0x00000f48                oled_init
 .text.oled_set_joy_pos
                0x00000fb0        0x8 src/config/oled.o
                0x00000fb0                oled_set_joy_pos
 .text.oled_actualise_joy_pos
                0x00000fb8       0x80 src/config/oled.o
                0x00000fb8                oled_actualise_joy_pos
 .text.oled_print_high_score
                0x00001038       0x62 src/config/oled.o
                0x00001038                oled_print_high_score
 .text.oled_navigate_gain_menu
                0x0000109a       0x66 src/config/oled.o
                0x0000109a                oled_navigate_gain_menu
 .text.oled_in_game_mode
                0x00001100       0xdc src/config/oled.o
                0x00001100                oled_in_game_mode
 .text.oled_get_lives
                0x000011dc        0xa src/config/oled.o
                0x000011dc                oled_get_lives
 .text.spi_init
                0x000011e6        0xc src/config/spi.o
                0x000011e6                spi_init
 .text.spi_read
                0x000011f2       0x4a src/config/spi.o
                0x000011f2                spi_read
 .text.spi_write
                0x0000123c       0x26 src/config/spi.o
                0x0000123c                spi_write
 .text.USART_Transmit
                0x00001262        0x8 src/config/usart.o
                0x00001262                USART_Transmit
 .text.USART_Receive
                0x0000126a        0x8 src/config/usart.o
                0x0000126a                USART_Receive
 .text.USART_Init
                0x00001272       0x18 src/config/usart.o
                0x00001272                USART_Init
 .text.xmem_init
                0x0000128a        0xe src/config/xmem.o
                0x0000128a                xmem_init
 .text.xmem_write
                0x00001298        0x8 src/config/xmem.o
                0x00001298                xmem_write
 .text.xmem_read
                0x000012a0        0x8 src/config/xmem.o
                0x000012a0                xmem_read
 .text.global_init
                0x000012a8       0x16 src/main.o
                0x000012a8                global_init
 .text.main     0x000012be       0x54 src/main.o
                0x000012be                main
 .text.libgcc.div
                0x00001312       0x26 c:/program files (x86)/atmel/atmel toolchain/avr8 gcc/native/3.4.1061/avr8-gnu-toolchain/bin/../lib/gcc/avr/4.8.1/avr5\libgcc.a(_divmodhi4.o)
                0x00001312                _div
                0x00001312                __divmodhi4
 .text.libgcc.div
                0x00001338       0x28 c:/program files (x86)/atmel/atmel toolchain/avr8 gcc/native/3.4.1061/avr8-gnu-toolchain/bin/../lib/gcc/avr/4.8.1/avr5\libgcc.a(_udivmodhi4.o)
                0x00001338                __udivmodhi4
 .text.avr-libc
                0x00001360       0x94 c:/program files (x86)/atmel/atmel toolchain/avr8 gcc/native/3.4.1061/avr8-gnu-toolchain/bin/../lib/gcc/avr/4.8.1/../../../../avr/lib/avr5\libc.a(fdevopen.o)
                0x00001360                fdevopen
 .text.avr-libc
                0x000013f4       0x22 c:/program files (x86)/atmel/atmel toolchain/avr8 gcc/native/3.4.1061/avr8-gnu-toolchain/bin/../lib/gcc/avr/4.8.1/../../../../avr/lib/avr5\libc.a(printf.o)
                0x000013f4                printf
 .text.avr-libc
                0x00001416       0x3e c:/program files (x86)/atmel/atmel toolchain/avr8 gcc/native/3.4.1061/avr8-gnu-toolchain/bin/../lib/gcc/avr/4.8.1/../../../../avr/lib/avr5\libc.a(sprintf.o)
                0x00001416                sprintf
 .text.avr-libc
                0x00001454      0x386 c:/program files (x86)/atmel/atmel toolchain/avr8 gcc/native/3.4.1061/avr8-gnu-toolchain/bin/../lib/gcc/avr/4.8.1/../../../../avr/lib/avr5\libc.a(vfprintf_std.o)
                0x00001454                vfprintf
 .text.avr-libc
                0x000017da       0x34 c:/program files (x86)/atmel/atmel toolchain/avr8 gcc/native/3.4.1061/avr8-gnu-toolchain/bin/../lib/gcc/avr/4.8.1/../../../../avr/lib/avr5\libc.a(calloc.o)
                0x000017da                calloc
 .text.avr-libc
                0x0000180e      0x24e c:/program files (x86)/atmel/atmel toolchain/avr8 gcc/native/3.4.1061/avr8-gnu-toolchain/bin/../lib/gcc/avr/4.8.1/../../../../avr/lib/avr5\libc.a(malloc.o)
                0x0000180e                malloc
                0x0000193e                free
 .text.avr-libc
                0x00001a5c       0x16 c:/program files (x86)/atmel/atmel toolchain/avr8 gcc/native/3.4.1061/avr8-gnu-toolchain/bin/../lib/gcc/avr/4.8.1/../../../../avr/lib/avr5\libc.a(strnlen_P.o)
                0x00001a5c                strnlen_P
 .text.avr-libc
                0x00001a72        0xe c:/program files (x86)/atmel/atmel toolchain/avr8 gcc/native/3.4.1061/avr8-gnu-toolchain/bin/../lib/gcc/avr/4.8.1/../../../../avr/lib/avr5\libc.a(memset.o)
                0x00001a72                memset
 .text.avr-libc
                0x00001a80       0x16 c:/program files (x86)/atmel/atmel toolchain/avr8 gcc/native/3.4.1061/avr8-gnu-toolchain/bin/../lib/gcc/avr/4.8.1/../../../../avr/lib/avr5\libc.a(strnlen.o)
                0x00001a80                strnlen
 .text.avr-libc
                0x00001a96       0x64 c:/program files (x86)/atmel/atmel toolchain/avr8 gcc/native/3.4.1061/avr8-gnu-toolchain/bin/../lib/gcc/avr/4.8.1/../../../../avr/lib/avr5\libc.a(fputc.o)
                0x00001a96                fputc
 .text.avr-libc
                0x00001afa       0xbc c:/program files (x86)/atmel/atmel toolchain/avr8 gcc/native/3.4.1061/avr8-gnu-toolchain/bin/../lib/gcc/avr/4.8.1/../../../../avr/lib/avr5\libc.a(ultoa_invert.o)
                0x00001afa                __ultoa_invert
 .text.libgcc.prologue
                0x00001bb6       0x38 c:/program files (x86)/atmel/atmel toolchain/avr8 gcc/native/3.4.1061/avr8-gnu-toolchain/bin/../lib/gcc/avr/4.8.1/avr5\libgcc.a(_prologue.o)
                0x00001bb6                __prologue_saves__
 .text.libgcc.prologue
                0x00001bee       0x36 c:/program files (x86)/atmel/atmel toolchain/avr8 gcc/native/3.4.1061/avr8-gnu-toolchain/bin/../lib/gcc/avr/4.8.1/avr5\libgcc.a(_epilogue.o)
                0x00001bee                __epilogue_restores__
                0x00001c24                . = ALIGN (0x2)
 *(.fini9)
 .fini9         0x00001c24        0x0 c:/program files (x86)/atmel/atmel toolchain/avr8 gcc/native/3.4.1061/avr8-gnu-toolchain/bin/../lib/gcc/avr/4.8.1/avr5\libgcc.a(_exit.o)
                0x00001c24                _exit
                0x00001c24                exit
 *(.fini9)
 *(.fini8)
 *(.fini8)
 *(.fini7)
 *(.fini7)
 *(.fini6)
 *(.fini6)
 *(.fini5)
 *(.fini5)
 *(.fini4)
 *(.fini4)
 *(.fini3)
 *(.fini3)
 *(.fini2)
 *(.fini2)
 *(.fini1)
 *(.fini1)
 *(.fini0)
 .fini0         0x00001c24        0x4 c:/program files (x86)/atmel/atmel toolchain/avr8 gcc/native/3.4.1061/avr8-gnu-toolchain/bin/../lib/gcc/avr/4.8.1/avr5\libgcc.a(_exit.o)
 *(.fini0)
                0x00001c28                _etext = .

.data           0x00800100      0x10c load address 0x00001c28
                0x00800100                PROVIDE (__data_start, .)
 *(.data)
 .data          0x00800100        0x6 c:/program files (x86)/atmel/atmel toolchain/avr8 gcc/native/3.4.1061/avr8-gnu-toolchain/bin/../lib/gcc/avr/4.8.1/../../../../avr/lib/avr5\libc.a(malloc.o)
                0x00800100                __malloc_heap_end
                0x00800102                __malloc_heap_start
                0x00800104                __malloc_margin
 *(.data*)
 .data.old_val  0x00800106        0x2 src/config/communication.o
                0x00800106                old_val
 .data.lives    0x00800108        0x2 src/config/oled.o
                0x00800108                lives
 *(.rodata)
 *(.rodata*)
 .rodata.str1.1
                0x0080010a       0x68 src/config/can_controller.o
                                 0x6b (size before relaxing)
 .rodata.str1.1
                0x00800172       0x1b src/config/communication.o
 .rodata.str1.1
                0x0080018d       0x7e src/config/oled.o
                                 0x88 (size before relaxing)
 *(.gnu.linkonce.d*)
                0x0080020c                . = ALIGN (0x2)
 *fill*         0x0080020b        0x1 
                0x0080020c                _edata = .
                0x0080020c                PROVIDE (__data_end, .)

.bss            0x0080020c       0x18
                0x0080020c                PROVIDE (__bss_start, .)
 *(.bss)
 *(.bss*)
 .bss.start_game
                0x0080020c        0x2 src/config/communication.o
                0x0080020c                start_game
 .bss.back      0x0080020e        0x2 src/config/communication.o
                0x0080020e                back
 .bss.score     0x00800210        0x2 src/config/communication.o
                0x00800210                score
 .bss.current_menu
                0x00800212        0x2 src/config/communication.o
                0x00800212                current_menu
 .bss.printf_size
                0x00800214        0x1 src/config/oled.o
                0x00800214                printf_size
 .bss.printf_page
                0x00800215        0x1 src/config/oled.o
                0x00800215                printf_page
 .bss.high_score
                0x00800216        0x2 src/config/oled.o
                0x00800216                high_score
 *(COMMON)
 COMMON         0x00800218        0x2 src/config/oled.o
                0x00800218                joy_pos
 COMMON         0x0080021a        0x6 c:/program files (x86)/atmel/atmel toolchain/avr8 gcc/native/3.4.1061/avr8-gnu-toolchain/bin/../lib/gcc/avr/4.8.1/../../../../avr/lib/avr5\libc.a(iob.o)
                0x0080021a                __iob
 COMMON         0x00800220        0x4 c:/program files (x86)/atmel/atmel toolchain/avr8 gcc/native/3.4.1061/avr8-gnu-toolchain/bin/../lib/gcc/avr/4.8.1/../../../../avr/lib/avr5\libc.a(malloc.o)
                0x00800220                __brkval
                0x00800222                __flp
                0x00800224                PROVIDE (__bss_end, .)
                0x00001c28                __data_load_start = LOADADDR (.data)
                0x00001d34                __data_load_end = (__data_load_start + SIZEOF (.data))

.noinit         0x00800224        0x0
                0x00800224                PROVIDE (__noinit_start, .)
 *(.noinit*)
                0x00800224                PROVIDE (__noinit_end, .)
                0x00800224                _end = .
                0x00800224                PROVIDE (__heap_start, .)

.eeprom         0x00810000        0x0
 *(.eeprom*)
                0x00810000                __eeprom_end = .

.fuse
 *(.fuse)
 *(.lfuse)
 *(.hfuse)
 *(.efuse)

.lock
 *(.lock*)

.signature
 *(.signature*)

.user_signatures
 *(.user_signatures*)

.stab
 *(.stab)

.stabstr
 *(.stabstr)

.stab.excl
 *(.stab.excl)

.stab.exclstr
 *(.stab.exclstr)

.stab.index
 *(.stab.index)

.stab.indexstr
 *(.stab.indexstr)

.comment        0x00000000       0x5c
 *(.comment)
 .comment       0x00000000       0x30 src/config/adc.o
                                 0x31 (size before relaxing)
 .comment       0x00000000       0x31 src/config/can_controller.o
 .comment       0x00000000       0x31 src/config/communication.o
 .comment       0x00000000       0x31 src/config/mcp2515_driver.o
 .comment       0x00000000       0x31 src/config/oled.o
 .comment       0x00000000       0x31 src/config/spi.o
 .comment       0x00000000       0x31 src/config/usart.o
 .comment       0x00000000       0x31 src/config/xmem.o
 .comment       0x00000000       0x31 src/main.o
 .comment       0x00000000       0x31 c:/program files (x86)/atmel/atmel toolchain/avr8 gcc/native/3.4.1061/avr8-gnu-toolchain/bin/../lib/gcc/avr/4.8.1/../../../../avr/lib/avr5\libc.a(fdevopen.o)
 .comment       0x00000000       0x31 c:/program files (x86)/atmel/atmel toolchain/avr8 gcc/native/3.4.1061/avr8-gnu-toolchain/bin/../lib/gcc/avr/4.8.1/../../../../avr/lib/avr5\libc.a(iob.o)
 .comment       0x00000000       0x31 c:/program files (x86)/atmel/atmel toolchain/avr8 gcc/native/3.4.1061/avr8-gnu-toolchain/bin/../lib/gcc/avr/4.8.1/../../../../avr/lib/avr5\libc.a(printf.o)
 .comment       0x00000000       0x31 c:/program files (x86)/atmel/atmel toolchain/avr8 gcc/native/3.4.1061/avr8-gnu-toolchain/bin/../lib/gcc/avr/4.8.1/../../../../avr/lib/avr5\libc.a(sprintf.o)
 .comment       0x00000030       0x2c c:/program files (x86)/atmel/atmel toolchain/avr8 gcc/native/3.4.1061/avr8-gnu-toolchain/bin/../lib/gcc/avr/4.8.1/../../../../avr/lib/avr5\libc.a(vfprintf_std.o)
                                 0x2d (size before relaxing)
 .comment       0x00000000       0x31 c:/program files (x86)/atmel/atmel toolchain/avr8 gcc/native/3.4.1061/avr8-gnu-toolchain/bin/../lib/gcc/avr/4.8.1/../../../../avr/lib/avr5\libc.a(calloc.o)
 .comment       0x00000000       0x31 c:/program files (x86)/atmel/atmel toolchain/avr8 gcc/native/3.4.1061/avr8-gnu-toolchain/bin/../lib/gcc/avr/4.8.1/../../../../avr/lib/avr5\libc.a(malloc.o)
 .comment       0x00000000       0x31 c:/program files (x86)/atmel/atmel toolchain/avr8 gcc/native/3.4.1061/avr8-gnu-toolchain/bin/../lib/gcc/avr/4.8.1/../../../../avr/lib/avr5\libc.a(fputc.o)

.note.gnu.build-id
 *(.note.gnu.build-id)

.debug
 *(.debug)

.line
 *(.line)

.debug_srcinfo
 *(.debug_srcinfo)

.debug_sfnames
 *(.debug_sfnames)

.debug_aranges  0x00000000      0x2e0
 *(.debug_aranges)
 .debug_aranges
                0x00000000       0x70 src/config/adc.o
 .debug_aranges
                0x00000070       0x38 src/config/can_controller.o
 .debug_aranges
                0x000000a8       0x60 src/config/communication.o
 .debug_aranges
                0x00000108       0x50 src/config/mcp2515_driver.o
 .debug_aranges
                0x00000158       0xc8 src/config/oled.o
 .debug_aranges
                0x00000220       0x30 src/config/spi.o
 .debug_aranges
                0x00000250       0x30 src/config/usart.o
 .debug_aranges
                0x00000280       0x38 src/config/xmem.o
 .debug_aranges
                0x000002b8       0x28 src/main.o

.debug_pubnames
 *(.debug_pubnames)

.debug_info     0x00000000     0x36a7
 *(.debug_info .gnu.linkonce.wi.*)
 .debug_info    0x00000000      0x810 src/config/adc.o
 .debug_info    0x00000810      0x6d6 src/config/can_controller.o
 .debug_info    0x00000ee6      0x6a8 src/config/communication.o
 .debug_info    0x0000158e      0x3b0 src/config/mcp2515_driver.o
 .debug_info    0x0000193e     0x13f7 src/config/oled.o
 .debug_info    0x00002d35      0x154 src/config/spi.o
 .debug_info    0x00002e89      0x1f0 src/config/usart.o
 .debug_info    0x00003079      0x2da src/config/xmem.o
 .debug_info    0x00003353      0x354 src/main.o

.debug_abbrev   0x00000000     0x1174
 *(.debug_abbrev)
 .debug_abbrev  0x00000000      0x2f5 src/config/adc.o
 .debug_abbrev  0x000002f5      0x24a src/config/can_controller.o
 .debug_abbrev  0x0000053f      0x250 src/config/communication.o
 .debug_abbrev  0x0000078f      0x167 src/config/mcp2515_driver.o
 .debug_abbrev  0x000008f6      0x327 src/config/oled.o
 .debug_abbrev  0x00000c1d       0xf1 src/config/spi.o
 .debug_abbrev  0x00000d0e      0x132 src/config/usart.o
 .debug_abbrev  0x00000e40      0x189 src/config/xmem.o
 .debug_abbrev  0x00000fc9      0x1ab src/main.o

.debug_line     0x00000000     0x2a0d
 *(.debug_line .debug_line.* .debug_line_end)
 .debug_line    0x00000000      0x5ab src/config/adc.o
 .debug_line    0x000005ab      0x48f src/config/can_controller.o
 .debug_line    0x00000a3a      0x624 src/config/communication.o
 .debug_line    0x0000105e      0x3ed src/config/mcp2515_driver.o
 .debug_line    0x0000144b      0x7ba src/config/oled.o
 .debug_line    0x00001c05      0x30f src/config/spi.o
 .debug_line    0x00001f14      0x329 src/config/usart.o
 .debug_line    0x0000223d      0x3be src/config/xmem.o
 .debug_line    0x000025fb      0x412 src/main.o

.debug_frame    0x00000000      0x764
 *(.debug_frame)
 .debug_frame   0x00000000       0xf4 src/config/adc.o
 .debug_frame   0x000000f4       0xb0 src/config/can_controller.o
 .debug_frame   0x000001a4       0xe8 src/config/communication.o
 .debug_frame   0x0000028c      0x100 src/config/mcp2515_driver.o
 .debug_frame   0x0000038c      0x244 src/config/oled.o
 .debug_frame   0x000005d0       0x54 src/config/spi.o
 .debug_frame   0x00000624       0x44 src/config/usart.o
 .debug_frame   0x00000668       0xc8 src/config/xmem.o
 .debug_frame   0x00000730       0x34 src/main.o

.debug_str      0x00000000     0x965d
 *(.debug_str)
 .debug_str     0x00000000     0x6de5 src/config/adc.o
                               0x6f1e (size before relaxing)
 .debug_str     0x00006de5      0xde7 src/config/can_controller.o
                               0x7912 (size before relaxing)
 .debug_str     0x00007bcc      0x3f5 src/config/communication.o
                               0x7eff (size before relaxing)
 .debug_str     0x00007fc1       0x7f src/config/mcp2515_driver.o
                               0x6e93 (size before relaxing)
 .debug_str     0x00008040     0x1457 src/config/oled.o
                               0x7e7c (size before relaxing)
 .debug_str     0x00009497       0x91 src/config/spi.o
                               0x6680 (size before relaxing)
 .debug_str     0x00009528       0x4c src/config/usart.o
                               0x6aeb (size before relaxing)
 .debug_str     0x00009574       0x91 src/config/xmem.o
                               0x6dfd (size before relaxing)
 .debug_str     0x00009605       0x58 src/main.o
                               0x7da6 (size before relaxing)

.debug_loc      0x00000000     0x1a41
 *(.debug_loc)
 .debug_loc     0x00000000      0x377 src/config/adc.o
 .debug_loc     0x00000377      0x2c4 src/config/can_controller.o
 .debug_loc     0x0000063b      0x2cd src/config/communication.o
 .debug_loc     0x00000908      0x3a2 src/config/mcp2515_driver.o
 .debug_loc     0x00000caa      0x9fc src/config/oled.o
 .debug_loc     0x000016a6       0xcb src/config/spi.o
 .debug_loc     0x00001771       0x26 src/config/usart.o
 .debug_loc     0x00001797      0x1f6 src/config/xmem.o
 .debug_loc     0x0000198d       0xb4 src/main.o

.debug_macinfo
 *(.debug_macinfo)

.debug_weaknames
 *(.debug_weaknames)

.debug_funcnames
 *(.debug_funcnames)

.debug_typenames
 *(.debug_typenames)

.debug_varnames
 *(.debug_varnames)

.debug_pubtypes
 *(.debug_pubtypes)

.debug_ranges   0x00000000      0x2b0
 *(.debug_ranges)
 .debug_ranges  0x00000000       0x60 src/config/adc.o
 .debug_ranges  0x00000060       0x28 src/config/can_controller.o
 .debug_ranges  0x00000088       0x50 src/config/communication.o
 .debug_ranges  0x000000d8       0x40 src/config/mcp2515_driver.o
 .debug_ranges  0x00000118       0xe8 src/config/oled.o
 .debug_ranges  0x00000200       0x20 src/config/spi.o
 .debug_ranges  0x00000220       0x20 src/config/usart.o
 .debug_ranges  0x00000240       0x58 src/config/xmem.o
 .debug_ranges  0x00000298       0x18 src/main.o

.debug_macro    0x00000000     0x1622
 *(.debug_macro)
 .debug_macro   0x00000000      0x104 src/config/adc.o
 .debug_macro   0x00000104       0x10 src/config/adc.o
 .debug_macro   0x00000114      0x16d src/config/adc.o
 .debug_macro   0x00000281       0x58 src/config/adc.o
 .debug_macro   0x000002d9       0x10 src/config/adc.o
 .debug_macro   0x000002e9       0x97 src/config/adc.o
 .debug_macro   0x00000380       0xeb src/config/adc.o
 .debug_macro   0x0000046b       0x97 src/config/adc.o
 .debug_macro   0x00000502       0x60 src/config/adc.o
 .debug_macro   0x00000562       0x10 src/config/adc.o
 .debug_macro   0x00000572       0x10 src/config/adc.o
 .debug_macro   0x00000582      0x111 src/config/can_controller.o
 .debug_macro   0x00000693      0x2b8 src/config/can_controller.o
 .debug_macro   0x0000094b       0x1c src/config/can_controller.o
 .debug_macro   0x00000967       0x63 src/config/can_controller.o
 .debug_macro   0x000009ca       0x34 src/config/can_controller.o
 .debug_macro   0x000009fe      0x158 src/config/communication.o
 .debug_macro   0x00000b56       0x22 src/config/communication.o
 .debug_macro   0x00000b78       0x16 src/config/communication.o
 .debug_macro   0x00000b8e       0x20 src/config/communication.o
 .debug_macro   0x00000bae       0xbb src/config/mcp2515_driver.o
 .debug_macro   0x00000c69      0x10f src/config/oled.o
 .debug_macro   0x00000d78       0x89 src/config/oled.o
 .debug_macro   0x00000e01       0xaa src/config/oled.o
 .debug_macro   0x00000eab       0xee src/config/oled.o
 .debug_macro   0x00000f99       0xa8 src/config/spi.o
 .debug_macro   0x00001041       0xd9 src/config/usart.o
 .debug_macro   0x0000111a      0x100 src/config/xmem.o
 .debug_macro   0x0000121a      0x10e src/config/xmem.o
 .debug_macro   0x00001328      0x167 src/config/xmem.o
 .debug_macro   0x0000148f      0x17d src/main.o
 .debug_macro   0x0000160c       0x16 src/main.o
OUTPUT(Ping Pong_6_2.elf elf32-avr)
LOAD linker stubs
