Archive member included because of file (symbol)

c:/program files (x86)/atmel/atmel toolchain/avr8 gcc/native/3.4.1061/avr8-gnu-toolchain/bin/../lib/gcc/avr/4.8.1/avr5\libgcc.a(_divmodhi4.o)
                              src/config/oled.o (__divmodhi4)
c:/program files (x86)/atmel/atmel toolchain/avr8 gcc/native/3.4.1061/avr8-gnu-toolchain/bin/../lib/gcc/avr/4.8.1/avr5\libgcc.a(_exit.o)
                              c:/program files (x86)/atmel/atmel toolchain/avr8 gcc/native/3.4.1061/avr8-gnu-toolchain/bin/../lib/gcc/avr/4.8.1/../../../../avr/lib/avr5/crtm162.o (exit)
c:/program files (x86)/atmel/atmel toolchain/avr8 gcc/native/3.4.1061/avr8-gnu-toolchain/bin/../lib/gcc/avr/4.8.1/avr5\libgcc.a(_copy_data.o)
                              src/config/adc.o (__do_copy_data)
c:/program files (x86)/atmel/atmel toolchain/avr8 gcc/native/3.4.1061/avr8-gnu-toolchain/bin/../lib/gcc/avr/4.8.1/avr5\libgcc.a(_clear_bss.o)
                              src/config/communication.o (__do_clear_bss)
c:/program files (x86)/atmel/atmel toolchain/avr8 gcc/native/3.4.1061/avr8-gnu-toolchain/bin/../lib/gcc/avr/4.8.1/avr5\libgcc.a(_udivmodhi4.o)
                              c:/program files (x86)/atmel/atmel toolchain/avr8 gcc/native/3.4.1061/avr8-gnu-toolchain/bin/../lib/gcc/avr/4.8.1/avr5\libgcc.a(_divmodhi4.o) (__udivmodhi4)
c:/program files (x86)/atmel/atmel toolchain/avr8 gcc/native/3.4.1061/avr8-gnu-toolchain/bin/../lib/gcc/avr/4.8.1/../../../../avr/lib/avr5\libc.a(rand.o)
                              src/config/xmem.o (rand)
c:/program files (x86)/atmel/atmel toolchain/avr8 gcc/native/3.4.1061/avr8-gnu-toolchain/bin/../lib/gcc/avr/4.8.1/../../../../avr/lib/avr5\libc.a(fdevopen.o)
                              src/config/usart.o (fdevopen)
c:/program files (x86)/atmel/atmel toolchain/avr8 gcc/native/3.4.1061/avr8-gnu-toolchain/bin/../lib/gcc/avr/4.8.1/../../../../avr/lib/avr5\libc.a(iob.o)
                              c:/program files (x86)/atmel/atmel toolchain/avr8 gcc/native/3.4.1061/avr8-gnu-toolchain/bin/../lib/gcc/avr/4.8.1/../../../../avr/lib/avr5\libc.a(fdevopen.o) (__iob)
c:/program files (x86)/atmel/atmel toolchain/avr8 gcc/native/3.4.1061/avr8-gnu-toolchain/bin/../lib/gcc/avr/4.8.1/../../../../avr/lib/avr5\libc.a(printf.o)
                              src/config/adc.o (printf)
c:/program files (x86)/atmel/atmel toolchain/avr8 gcc/native/3.4.1061/avr8-gnu-toolchain/bin/../lib/gcc/avr/4.8.1/../../../../avr/lib/avr5\libc.a(puts.o)
                              src/config/xmem.o (puts)
c:/program files (x86)/atmel/atmel toolchain/avr8 gcc/native/3.4.1061/avr8-gnu-toolchain/bin/../lib/gcc/avr/4.8.1/../../../../avr/lib/avr5\libc.a(sprintf.o)
                              src/config/oled.o (sprintf)
c:/program files (x86)/atmel/atmel toolchain/avr8 gcc/native/3.4.1061/avr8-gnu-toolchain/bin/../lib/gcc/avr/4.8.1/../../../../avr/lib/avr5\libc.a(vfprintf_std.o)
                              c:/program files (x86)/atmel/atmel toolchain/avr8 gcc/native/3.4.1061/avr8-gnu-toolchain/bin/../lib/gcc/avr/4.8.1/../../../../avr/lib/avr5\libc.a(printf.o) (vfprintf)
c:/program files (x86)/atmel/atmel toolchain/avr8 gcc/native/3.4.1061/avr8-gnu-toolchain/bin/../lib/gcc/avr/4.8.1/../../../../avr/lib/avr5\libc.a(calloc.o)
                              c:/program files (x86)/atmel/atmel toolchain/avr8 gcc/native/3.4.1061/avr8-gnu-toolchain/bin/../lib/gcc/avr/4.8.1/../../../../avr/lib/avr5\libc.a(fdevopen.o) (calloc)
c:/program files (x86)/atmel/atmel toolchain/avr8 gcc/native/3.4.1061/avr8-gnu-toolchain/bin/../lib/gcc/avr/4.8.1/../../../../avr/lib/avr5\libc.a(malloc.o)
                              c:/program files (x86)/atmel/atmel toolchain/avr8 gcc/native/3.4.1061/avr8-gnu-toolchain/bin/../lib/gcc/avr/4.8.1/../../../../avr/lib/avr5\libc.a(calloc.o) (malloc)
c:/program files (x86)/atmel/atmel toolchain/avr8 gcc/native/3.4.1061/avr8-gnu-toolchain/bin/../lib/gcc/avr/4.8.1/../../../../avr/lib/avr5\libc.a(strnlen_P.o)
                              c:/program files (x86)/atmel/atmel toolchain/avr8 gcc/native/3.4.1061/avr8-gnu-toolchain/bin/../lib/gcc/avr/4.8.1/../../../../avr/lib/avr5\libc.a(vfprintf_std.o) (strnlen_P)
c:/program files (x86)/atmel/atmel toolchain/avr8 gcc/native/3.4.1061/avr8-gnu-toolchain/bin/../lib/gcc/avr/4.8.1/../../../../avr/lib/avr5\libc.a(memset.o)
                              c:/program files (x86)/atmel/atmel toolchain/avr8 gcc/native/3.4.1061/avr8-gnu-toolchain/bin/../lib/gcc/avr/4.8.1/../../../../avr/lib/avr5\libc.a(calloc.o) (memset)
c:/program files (x86)/atmel/atmel toolchain/avr8 gcc/native/3.4.1061/avr8-gnu-toolchain/bin/../lib/gcc/avr/4.8.1/../../../../avr/lib/avr5\libc.a(strnlen.o)
                              c:/program files (x86)/atmel/atmel toolchain/avr8 gcc/native/3.4.1061/avr8-gnu-toolchain/bin/../lib/gcc/avr/4.8.1/../../../../avr/lib/avr5\libc.a(vfprintf_std.o) (strnlen)
[...]
Memory Configuration

Name             Origin             Length             Attributes
text             0x00000000         0x00020000         xr
data             0x00800060         0x0000ffa0         rw !x
eeprom           0x00810000         0x00010000         rw !x
fuse             0x00820000         0x00000400         rw !x
lock             0x00830000         0x00000400         rw !x
signature        0x00840000         0x00000400         rw !x
user_signatures  0x00850000         0x00000400         rw !x
*default*        0x00000000         0xffffffff

Linker script and memory map

Address of section .data set to 0x800100
LOAD c:/program files (x86)/atmel/atmel toolchain/avr8 gcc/native/3.4.1061/avr8-gnu-toolchain/bin/../lib/gcc/avr/4.8.1/../../../../avr/lib/avr5/crtm162.o
LOAD src/ASF/common/boards/user_board/init.o
LOAD src/config/adc.o
LOAD src/config/can_controller.o
LOAD src/config/communication.o
LOAD src/config/mcp2515_driver.o
LOAD src/config/oled.o
LOAD src/config/spi.o
LOAD src/config/usart.o
LOAD src/config/xmem.o
LOAD src/main.o
START GROUP
LOAD c:/program files (x86)/atmel/atmel toolchain/avr8 gcc/native/3.4.1061/avr8-gnu-toolchain/bin/../lib/gcc/avr/4.8.1/../../../../avr/lib/avr5\libm.a
END GROUP
START GROUP
LOAD c:/program files (x86)/atmel/atmel toolchain/avr8 gcc/native/3.4.1061/avr8-gnu-toolchain/bin/../lib/gcc/avr/4.8.1/avr5\libgcc.a
LOAD c:/program files (x86)/atmel/atmel toolchain/avr8 gcc/native/3.4.1061/avr8-gnu-toolchain/bin/../lib/gcc/avr/4.8.1/../../../../avr/lib/avr5\libm.a
LOAD c:/program files (x86)/atmel/atmel toolchain/avr8 gcc/native/3.4.1061/avr8-gnu-toolchain/bin/../lib/gcc/avr/4.8.1/../../../../avr/lib/avr5\libc.a
END GROUP

.hash
 *(.hash)

.dynsym
 *(.dynsym)

.dynstr
 *(.dynstr)

.gnu.version
 *(.gnu.version)

.gnu.version_d
 *(.gnu.version_d)

.gnu.version_r
 *(.gnu.version_r)

.rel.init
 *(.rel.init)

.rela.init
 *(.rela.init)

.rel.text
 *(.rel.text)
 *(.rel.text.*)
 *(.rel.gnu.linkonce.t*)

.rela.text
 *(.rela.text)
 *(.rela.text.*)
 *(.rela.gnu.linkonce.t*)

.rel.fini
 *(.rel.fini)

.rela.fini
 *(.rela.fini)

.rel.rodata
 *(.rel.rodata)
 *(.rel.rodata.*)
 *(.rel.gnu.linkonce.r*)

.rela.rodata
 *(.rela.rodata)
 *(.rela.rodata.*)
 *(.rela.gnu.linkonce.r*)

.rel.data
 *(.rel.data)
 *(.rel.data.*)
 *(.rel.gnu.linkonce.d*)

.rela.data
 *(.rela.data)
 *(.rela.data.*)
 *(.rela.gnu.linkonce.d*)

.rel.ctors
 *(.rel.ctors)

.rela.ctors
 *(.rela.ctors)

.rel.dtors
 *(.rel.dtors)

.rela.dtors
 *(.rela.dtors)

.rel.got
 *(.rel.got)

.rela.got
 *(.rela.got)

.rel.bss
 *(.rel.bss)

.rela.bss
 *(.rela.bss)

.rel.plt
 *(.rel.plt)

.rela.plt
 *(.rela.plt)

.text           0x00000000     0x2510
 *(.vectors)
 .vectors       0x00000000       0x70 c:/program files (x86)/atmel/atmel toolchain/avr8 gcc/native/3.4.1061/avr8-gnu-toolchain/bin/../lib/gcc/avr/4.8.1/../../../../avr/lib/avr5/crtm162.o
                0x00000000                __vector_default
                0x00000000                __vectors
 *(.vectors)
 *(.progmem.gcc*)
                0x00000070                . = ALIGN (0x2)
                0x00000070                __trampolines_start = .
 *(.trampolines)
 .trampolines   0x00000070        0x0 linker stubs
 *(.trampolines*)
                0x00000070                __trampolines_end = .
 *(.progmem*)
 .progmem.data.font4
                0x00000070      0x17c src/config/oled.o
                0x00000070                font4
 .progmem.data.font5
                0x000001ec      0x1db src/config/oled.o
                0x000001ec                font5
 .progmem.data.font8
                0x000003c7      0x2f8 src/config/oled.o
                0x000003c7                font8
                0x000006c0                . = ALIGN (0x2)
 *fill*         0x000006bf        0x1 
 *(.jumptables)
 *(.jumptables*)
 *(.lowtext)
 *(.lowtext*)
                0x000006c0                __ctors_start = .
 *(.ctors)
                0x000006c0                __ctors_end = .
                0x000006c0                __dtors_start = .
 *(.dtors)
                0x000006c0                __dtors_end = .
 SORT(*)(.ctors)
 SORT(*)(.dtors)
 *(.init0)
 .init0         0x000006c0        0x0 c:/program files (x86)/atmel/atmel toolchain/avr8 gcc/native/3.4.1061/avr8-gnu-toolchain/bin/../lib/gcc/avr/4.8.1/../../../../avr/lib/avr5/crtm162.o
                0x000006c0                __init
 *(.init0)
 *(.init1)
 *(.init1)
 *(.init2)
 .init2         0x000006c0        0xc c:/program files (x86)/atmel/atmel toolchain/avr8 gcc/native/3.4.1061/avr8-gnu-toolchain/bin/../lib/gcc/avr/4.8.1/../../../../avr/lib/avr5/crtm162.o
 *(.init2)
 *(.init3)
 *(.init3)
 *(.init4)
 .init4         0x000006cc       0x16 c:/program files (x86)/atmel/atmel toolchain/avr8 gcc/native/3.4.1061/avr8-gnu-toolchain/bin/../lib/gcc/avr/4.8.1/avr5\libgcc.a(_copy_data.o)
                0x000006cc                __do_copy_data
 .init4         0x000006e2       0x10 c:/program files (x86)/atmel/atmel toolchain/avr8 gcc/native/3.4.1061/avr8-gnu-toolchain/bin/../lib/gcc/avr/4.8.1/avr5\libgcc.a(_clear_bss.o)
                0x000006e2                __do_clear_bss
 *(.init4)
 *(.init5)
 *(.init5)
 *(.init6)
 *(.init6)
 *(.init7)
 *(.init7)
 *(.init8)
 *(.init8)
 *(.init9)
 .init9         0x000006f2        0x8 c:/program files (x86)/atmel/atmel toolchain/avr8 gcc/native/3.4.1061/avr8-gnu-toolchain/bin/../lib/gcc/avr/4.8.1/../../../../avr/lib/avr5/crtm162.o
 *(.init9)
 *(.text)
 .text          0x000006fa        0x2 c:/program files (x86)/atmel/atmel toolchain/avr8 gcc/native/3.4.1061/avr8-gnu-toolchain/bin/../lib/gcc/avr/4.8.1/../../../../avr/lib/avr5/crtm162.o
                0x000006fa                __vector_22
                0x000006fa                __vector_1
                0x000006fa                __vector_24
                0x000006fa                __vector_12
                0x000006fa                __bad_interrupt
                0x000006fa                __vector_6
                0x000006fa                __vector_3
                0x000006fa                __vector_23
                0x000006fa                __vector_25
                0x000006fa                __vector_11
                0x000006fa                __vector_13
                0x000006fa                __vector_17
                0x000006fa                __vector_19
                0x000006fa                __vector_7
                0x000006fa                __vector_27
                0x000006fa                __vector_5
                0x000006fa                __vector_4
                0x000006fa                __vector_9
                0x000006fa                __vector_2
                0x000006fa                __vector_21
                0x000006fa                __vector_15
                0x000006fa                __vector_8
                0x000006fa                __vector_26
                0x000006fa                __vector_14
                0x000006fa                __vector_10
                0x000006fa                __vector_16
                0x000006fa                __vector_18
                0x000006fa                __vector_20
                0x000006fc                . = ALIGN (0x2)
 *(.text.*)
 .text.adc_read
                0x000006fc       0x24 src/config/adc.o
                0x000006fc                adc_read
 .text.adc_joystick_direction
                0x00000720       0xae src/config/adc.o
                0x00000720                adc_joystick_direction
 .text.get_joy_adc_direction
                0x000007ce        0xc src/config/adc.o
                0x000007ce                get_joy_adc_direction
 .text.set_joy_adc_direction
                0x000007da        0xa src/config/adc.o
                0x000007da                set_joy_adc_direction
 .text.adc_init
                0x000007e4        0x8 src/config/adc.o
                0x000007e4                adc_init
 .text.adc_joy_pos_changed
                0x000007ec       0x26 src/config/adc.o
                0x000007ec                adc_joy_pos_changed
 .text.can_init
                0x00000812       0xb0 src/config/can_controller.o
                0x00000812                can_init
 .text.can_message_send
                0x000008c2       0x4a src/config/can_controller.o
                0x000008c2                can_message_send
 .text.can_data_receive
                0x0000090c       0xc2 src/config/can_controller.o
                0x0000090c                can_data_receive
 .text.can_get_message
                0x000009ce       0x76 src/config/can_controller.o
                0x000009ce                can_get_message
 .text.com_navigate_display
                0x00000a44      0x328 src/config/communication.o
                0x00000a44                com_navigate_display
 .text.com_play_game
                0x00000d6c      0x102 src/config/communication.o
                0x00000d6c                com_play_game
 .text.com_reset_score
                0x00000e6e        0xa src/config/communication.o
                0x00000e6e                com_reset_score
 .text.com_get_score
                0x00000e78        0xa src/config/communication.o
                0x00000e78                com_get_score
 .text.com_actualise_score
                0x00000e82       0x14 src/config/communication.o
                0x00000e82                com_actualise_score
 .text.com_get_back
                0x00000e96        0xa src/config/communication.o
                0x00000e96                com_get_back
 .text.com_set_back
                0x00000ea0        0xa src/config/communication.o
                0x00000ea0                com_set_back
 .text.com_get_start_game
                0x00000eaa        0xa src/config/communication.o
                0x00000eaa                com_get_start_game
 .text.com_set_start_game
                0x00000eb4        0xa src/config/communication.o
                0x00000eb4                com_set_start_game
 .text.com_play_game_with_gain_control
                0x00000ebe      0x124 src/config/communication.o
                0x00000ebe                com_play_game_with_gain_control
 .text.com_get_start_pid_control
                0x00000fe2        0xa src/config/communication.o
                0x00000fe2                com_get_start_pid_control
 .text.com_reset_start_pid_control
                0x00000fec        0xa src/config/communication.o
                0x00000fec                com_reset_start_pid_control
 .text.mcp2515_reset
                0x00000ff6       0x22 src/config/mcp2515_driver.o
                0x00000ff6                mcp2515_reset
 .text.mcp2515_init
                0x00001018        0x6 src/config/mcp2515_driver.o
                0x00001018                mcp2515_init
 .text.mcp2515_read
                0x0000101e       0x3c src/config/mcp2515_driver.o
                0x0000101e                mcp2515_read
 .text.mcp2515_write
                0x0000105a       0x2e src/config/mcp2515_driver.o
                0x0000105a                mcp2515_write
 .text.mcp2515_request
                0x00001088       0x20 src/config/mcp2515_driver.o
                0x00001088                mcp2515_request
 .text.mcp2515_bit_modify
                0x000010a8       0x30 src/config/mcp2515_driver.o
                0x000010a8                mcp2515_bit_modify
 .text.oled_columb_range_select
                0x000010d8       0x28 src/config/oled.o
                0x000010d8                oled_columb_range_select
 .text.oled_page_select
                0x00001100       0x20 src/config/oled.o
                0x00001100                oled_page_select
 .text.oled_clear_page
                0x00001120       0x1e src/config/oled.o
                0x00001120                oled_clear_page
 .text.oled_clear_screen
                0x0000113e       0x12 src/config/oled.o
                0x0000113e                oled_clear_screen
 .text.oled_print_char_of_size
                0x00001150       0x6a src/config/oled.o
                0x00001150                oled_print_char_of_size
 .text.oled_print_char_of_size_inverted
                0x000011ba       0x6c src/config/oled.o
                0x000011ba                oled_print_char_of_size_inverted
 .text.oled_print_char
                0x00001226       0x22 src/config/oled.o
                0x00001226                oled_print_char
 .text.oled_print_char_inverted
                0x00001248       0x22 src/config/oled.o
                0x00001248                oled_print_char_inverted
 .text.oled_printf
                0x0000126a       0x46 src/config/oled.o
                0x0000126a                oled_printf
 .text.oled_printf_inverted
                0x000012b0       0x46 src/config/oled.o
                0x000012b0                oled_printf_inverted
 .text.oled_get_joy_pos
                0x000012f6        0xa src/config/oled.o
                0x000012f6                oled_get_joy_pos
 .text.oled_display_activity
                0x00001300       0x8c src/config/oled.o
                0x00001300                oled_display_activity
 .text.oled_init
                0x0000138c       0x78 src/config/oled.o
                0x0000138c                oled_init
 .text.oled_set_joy_pos
                0x00001404        0x8 src/config/oled.o
                0x00001404                oled_set_joy_pos
 .text.oled_actualise_joy_pos
                0x0000140c       0x92 src/config/oled.o
                0x0000140c                oled_actualise_joy_pos
 .text.oled_print_high_score
                0x0000149e       0x6c src/config/oled.o
                0x0000149e                oled_print_high_score
 .text.oled_navigate_gain_menu
                0x0000150a       0x66 src/config/oled.o
                0x0000150a                oled_navigate_gain_menu
 .text.oled_in_game_mode
                0x00001570      0x10c src/config/oled.o
                0x00001570                oled_in_game_mode
 .text.oled_get_lives
                0x0000167c        0xa src/config/oled.o
                0x0000167c                oled_get_lives
 .text.oled_reduce_lives
                0x00001686       0x14 src/config/oled.o
                0x00001686                oled_reduce_lives
 .text.oled_reset_lives
                0x0000169a        0xe src/config/oled.o
                0x0000169a                oled_reset_lives
 .text.oled_actualise_high_score
                0x000016a8       0x24 src/config/oled.o
                0x000016a8                oled_actualise_high_score
 .text.oled_reset_hs
                0x000016cc       0x12 src/config/oled.o
                0x000016cc                oled_reset_hs
 .text.oled_game_over
                0x000016de        0xe src/config/oled.o
                0x000016de                oled_game_over
 .text.oled_print_difficulty
                0x000016ec       0x9c src/config/oled.o
                0x000016ec                oled_print_difficulty
 .text.oled_in_game_with_gain_control
                0x00001788      0x2a8 src/config/oled.o
                0x00001788                oled_in_game_with_gain_control
 .text.spi_init
                0x00001a30        0xc src/config/spi.o
                0x00001a30                spi_init
 .text.spi_read
                0x00001a3c       0x4a src/config/spi.o
                0x00001a3c                spi_read
 .text.spi_write
                0x00001a86       0x26 src/config/spi.o
                0x00001a86                spi_write
 .text.USART_Transmit
                0x00001aac        0x8 src/config/usart.o
                0x00001aac                USART_Transmit
 .text.USART_Receive
                0x00001ab4        0x8 src/config/usart.o
                0x00001ab4                USART_Receive
 .text.USART_Init
                0x00001abc       0x18 src/config/usart.o
                0x00001abc                USART_Init
 .text.xmem_init
                0x00001ad4        0xe src/config/xmem.o
                0x00001ad4                xmem_init
 .text.xmem_write
                0x00001ae2        0x8 src/config/xmem.o
                0x00001ae2                xmem_write
 .text.xmem_read
                0x00001aea        0x8 src/config/xmem.o
                0x00001aea                xmem_read
 .text.global_init
                0x00001af2       0x1a src/main.o
                0x00001af2                global_init
 .text.main     0x00001b0c       0xee src/main.o
                0x00001b0c                main
 .text.libgcc.div
                0x00001bfa       0x26 c:/program files (x86)/atmel/atmel toolchain/avr8 gcc/native/3.4.1061/avr8-gnu-toolchain/bin/../lib/gcc/avr/4.8.1/avr5\libgcc.a(_divmodhi4.o)
                0x00001bfa                _div
                0x00001bfa                __divmodhi4
 .text.libgcc.div
                0x00001c20       0x28 c:/program files (x86)/atmel/atmel toolchain/avr8 gcc/native/3.4.1061/avr8-gnu-toolchain/bin/../lib/gcc/avr/4.8.1/avr5\libgcc.a(_udivmodhi4.o)
                0x00001c20                __udivmodhi4
 .text.avr-libc
                0x00001c48       0x94 c:/program files (x86)/atmel/atmel toolchain/avr8 gcc/native/3.4.1061/avr8-gnu-toolchain/bin/../lib/gcc/avr/4.8.1/../../../../avr/lib/avr5\libc.a(fdevopen.o)
                0x00001c48                fdevopen
 .text.avr-libc
                0x00001cdc       0x22 c:/program files (x86)/atmel/atmel toolchain/avr8 gcc/native/3.4.1061/avr8-gnu-toolchain/bin/../lib/gcc/avr/4.8.1/../../../../avr/lib/avr5\libc.a(printf.o)
                0x00001cdc                printf
 .text.avr-libc
                0x00001cfe       0x3e c:/program files (x86)/atmel/atmel toolchain/avr8 gcc/native/3.4.1061/avr8-gnu-toolchain/bin/../lib/gcc/avr/4.8.1/../../../../avr/lib/avr5\libc.a(sprintf.o)
                0x00001cfe                sprintf
 .text.avr-libc
                0x00001d3c      0x386 c:/program files (x86)/atmel/atmel toolchain/avr8 gcc/native/3.4.1061/avr8-gnu-toolchain/bin/../lib/gcc/avr/4.8.1/../../../../avr/lib/avr5\libc.a(vfprintf_std.o)
                0x00001d3c                vfprintf
 .text.avr-libc
                0x000020c2       0x34 c:/program files (x86)/atmel/atmel toolchain/avr8 gcc/native/3.4.1061/avr8-gnu-toolchain/bin/../lib/gcc/avr/4.8.1/../../../../avr/lib/avr5\libc.a(calloc.o)
                0x000020c2                calloc
 .text.avr-libc
                0x000020f6      0x24e c:/program files (x86)/atmel/atmel toolchain/avr8 gcc/native/3.4.1061/avr8-gnu-toolchain/bin/../lib/gcc/avr/4.8.1/../../../../avr/lib/avr5\libc.a(malloc.o)
                0x000020f6                malloc
                0x00002226                free
 .text.avr-libc
                0x00002344       0x16 c:/program files (x86)/atmel/atmel toolchain/avr8 gcc/native/3.4.1061/avr8-gnu-toolchain/bin/../lib/gcc/avr/4.8.1/../../../../avr/lib/avr5\libc.a(strnlen_P.o)
                0x00002344                strnlen_P
 .text.avr-libc
                0x0000235a        0xe c:/program files (x86)/atmel/atmel toolchain/avr8 gcc/native/3.4.1061/avr8-gnu-toolchain/bin/../lib/gcc/avr/4.8.1/../../../../avr/lib/avr5\libc.a(memset.o)
                0x0000235a                memset
 .text.avr-libc
                0x00002368       0x16 c:/program files (x86)/atmel/atmel toolchain/avr8 gcc/native/3.4.1061/avr8-gnu-toolchain/bin/../lib/gcc/avr/4.8.1/../../../../avr/lib/avr5\libc.a(strnlen.o)
                0x00002368                strnlen
 .text.avr-libc
                0x0000237e       0x64 c:/program files (x86)/atmel/atmel toolchain/avr8 gcc/native/3.4.1061/avr8-gnu-toolchain/bin/../lib/gcc/avr/4.8.1/../../../../avr/lib/avr5\libc.a(fputc.o)
                0x0000237e                fputc
 .text.avr-libc
                0x000023e2       0xbc c:/program files (x86)/atmel/atmel toolchain/avr8 gcc/native/3.4.1061/avr8-gnu-toolchain/bin/../lib/gcc/avr/4.8.1/../../../../avr/lib/avr5\libc.a(ultoa_invert.o)
                0x000023e2                __ultoa_invert
 .text.libgcc.prologue
                0x0000249e       0x38 c:/program files (x86)/atmel/atmel toolchain/avr8 gcc/native/3.4.1061/avr8-gnu-toolchain/bin/../lib/gcc/avr/4.8.1/avr5\libgcc.a(_prologue.o)
                0x0000249e                __prologue_saves__
 .text.libgcc.prologue
                0x000024d6       0x36 c:/program files (x86)/atmel/atmel toolchain/avr8 gcc/native/3.4.1061/avr8-gnu-toolchain/bin/../lib/gcc/avr/4.8.1/avr5\libgcc.a(_epilogue.o)
                0x000024d6                __epilogue_restores__
                0x0000250c                . = ALIGN (0x2)
 *(.fini9)
 .fini9         0x0000250c        0x0 c:/program files (x86)/atmel/atmel toolchain/avr8 gcc/native/3.4.1061/avr8-gnu-toolchain/bin/../lib/gcc/avr/4.8.1/avr5\libgcc.a(_exit.o)
                0x0000250c                _exit
                0x0000250c                exit
 *(.fini9)
 *(.fini8)
 *(.fini8)
 *(.fini7)
 *(.fini7)
 *(.fini6)
 *(.fini6)
 *(.fini5)
 *(.fini5)
 *(.fini4)
 *(.fini4)
 *(.fini3)
 *(.fini3)
 *(.fini2)
 *(.fini2)
 *(.fini1)
 *(.fini1)
 *(.fini0)
 .fini0         0x0000250c        0x4 c:/program files (x86)/atmel/atmel toolchain/avr8 gcc/native/3.4.1061/avr8-gnu-toolchain/bin/../lib/gcc/avr/4.8.1/avr5\libgcc.a(_exit.o)
 *(.fini0)
                0x00002510                _etext = .

.data           0x00800100      0x1d8 load address 0x00002510
                0x00800100                PROVIDE (__data_start, .)
 *(.data)
 .data          0x00800100        0x6 c:/program files (x86)/atmel/atmel toolchain/avr8 gcc/native/3.4.1061/avr8-gnu-toolchain/bin/../lib/gcc/avr/4.8.1/../../../../avr/lib/avr5\libc.a(malloc.o)
                0x00800100                __malloc_heap_end
                0x00800102                __malloc_heap_start
                0x00800104                __malloc_margin
 *(.data*)
 .data.selected_gain
                0x00800106        0x2 src/config/communication.o
                0x00800106                selected_gain
 .data.kd       0x00800108        0x2 src/config/communication.o
                0x00800108                kd
 .data.ki       0x0080010a        0x2 src/config/communication.o
                0x0080010a                ki
 .data.kp       0x0080010c        0x2 src/config/communication.o
                0x0080010c                kp
 .data.old_val  0x0080010e        0x2 src/config/communication.o
                0x0080010e                old_val
 .data.lives    0x00800110        0x2 src/config/oled.o
                0x00800110                lives
 *(.rodata)
 *(.rodata*)
 .rodata.str1.1
                0x00800112       0x68 src/config/can_controller.o
                                 0x6b (size before relaxing)
 .rodata.str1.1
                0x0080017a      0x15d src/config/oled.o
                                0x167 (size before relaxing)
 *(.gnu.linkonce.d*)
                0x008002d8                . = ALIGN (0x2)
 *fill*         0x008002d7        0x1 
                0x008002d8                _edata = .
                0x008002d8                PROVIDE (__data_end, .)

.bss            0x008002d8       0x1c
                0x008002d8                PROVIDE (__bss_start, .)
 *(.bss)
 *(.bss*)
 .bss.start_pid_control
                0x008002d8        0x2 src/config/communication.o
                0x008002d8                start_pid_control
 .bss.start_game
                0x008002da        0x2 src/config/communication.o
                0x008002da                start_game
 .bss.back      0x008002dc        0x2 src/config/communication.o
                0x008002dc                back
 .bss.score     0x008002de        0x2 src/config/communication.o
                0x008002de                score
 .bss.current_difficulty
                0x008002e0        0x2 src/config/communication.o
                0x008002e0                current_difficulty
 .bss.current_menu
                0x008002e2        0x2 src/config/communication.o
                0x008002e2                current_menu
 .bss.printf_size
                0x008002e4        0x1 src/config/oled.o
                0x008002e4                printf_size
 .bss.printf_page
                0x008002e5        0x1 src/config/oled.o
                0x008002e5                printf_page
 .bss.high_score
                0x008002e6        0x2 src/config/oled.o
                0x008002e6                high_score
 *(COMMON)
 COMMON         0x008002e8        0x2 src/config/oled.o
                0x008002e8                joy_pos
 COMMON         0x008002ea        0x6 c:/program files (x86)/atmel/atmel toolchain/avr8 gcc/native/3.4.1061/avr8-gnu-toolchain/bin/../lib/gcc/avr/4.8.1/../../../../avr/lib/avr5\libc.a(iob.o)
                0x008002ea                __iob
 COMMON         0x008002f0        0x4 c:/program files (x86)/atmel/atmel toolchain/avr8 gcc/native/3.4.1061/avr8-gnu-toolchain/bin/../lib/gcc/avr/4.8.1/../../../../avr/lib/avr5\libc.a(malloc.o)
                0x008002f0                __brkval
                0x008002f2                __flp
                0x008002f4                PROVIDE (__bss_end, .)
                0x00002510                __data_load_start = LOADADDR (.data)
                0x000026e8                __data_load_end = (__data_load_start + SIZEOF (.data))

.noinit         0x008002f4        0x0
                0x008002f4                PROVIDE (__noinit_start, .)
 *(.noinit*)
                0x008002f4                PROVIDE (__noinit_end, .)
                0x008002f4                _end = .
                0x008002f4                PROVIDE (__heap_start, .)

.eeprom         0x00810000        0x0
 *(.eeprom*)
                0x00810000                __eeprom_end = .

.fuse
 *(.fuse)
 *(.lfuse)
 *(.hfuse)
 *(.efuse)

.lock
 *(.lock*)

.signature
 *(.signature*)

.user_signatures
 *(.user_signatures*)

.stab
 *(.stab)

.stabstr
 *(.stabstr)

.stab.excl
 *(.stab.excl)

.stab.exclstr
 *(.stab.exclstr)

.stab.index
 *(.stab.index)

.stab.indexstr
 *(.stab.indexstr)

.comment        0x00000000       0x5c
 *(.comment)
 .comment       0x00000000       0x30 src/config/adc.o
                                 0x31 (size before relaxing)
 .comment       0x00000000       0x31 src/config/can_controller.o
 .comment       0x00000000       0x31 src/config/communication.o
 .comment       0x00000000       0x31 src/config/mcp2515_driver.o
 .comment       0x00000000       0x31 src/config/oled.o
 .comment       0x00000000       0x31 src/config/spi.o
 .comment       0x00000000       0x31 src/config/usart.o
 .comment       0x00000000       0x31 src/config/xmem.o
 .comment       0x00000000       0x31 src/main.o
 .comment       0x00000000       0x31 c:/program files (x86)/atmel/atmel toolchain/avr8 gcc/native/3.4.1061/avr8-gnu-toolchain/bin/../lib/gcc/avr/4.8.1/../../../../avr/lib/avr5\libc.a(fdevopen.o)
 .comment       0x00000000       0x31 c:/program files (x86)/atmel/atmel toolchain/avr8 gcc/native/3.4.1061/avr8-gnu-toolchain/bin/../lib/gcc/avr/4.8.1/../../../../avr/lib/avr5\libc.a(iob.o)
 .comment       0x00000000       0x31 c:/program files (x86)/atmel/atmel toolchain/avr8 gcc/native/3.4.1061/avr8-gnu-toolchain/bin/../lib/gcc/avr/4.8.1/../../../../avr/lib/avr5\libc.a(printf.o)
 .comment       0x00000000       0x31 c:/program files (x86)/atmel/atmel toolchain/avr8 gcc/native/3.4.1061/avr8-gnu-toolchain/bin/../lib/gcc/avr/4.8.1/../../../../avr/lib/avr5\libc.a(sprintf.o)
 .comment       0x00000030       0x2c c:/program files (x86)/atmel/atmel toolchain/avr8 gcc/native/3.4.1061/avr8-gnu-toolchain/bin/../lib/gcc/avr/4.8.1/../../../../avr/lib/avr5\libc.a(vfprintf_std.o)
                                 0x2d (size before relaxing)
 .comment       0x00000000       0x31 c:/program files (x86)/atmel/atmel toolchain/avr8 gcc/native/3.4.1061/avr8-gnu-toolchain/bin/../lib/gcc/avr/4.8.1/../../../../avr/lib/avr5\libc.a(calloc.o)
 .comment       0x00000000       0x31 c:/program files (x86)/atmel/atmel toolchain/avr8 gcc/native/3.4.1061/avr8-gnu-toolchain/bin/../lib/gcc/avr/4.8.1/../../../../avr/lib/avr5\libc.a(malloc.o)
 .comment       0x00000000       0x31 c:/program files (x86)/atmel/atmel toolchain/avr8 gcc/native/3.4.1061/avr8-gnu-toolchain/bin/../lib/gcc/avr/4.8.1/../../../../avr/lib/avr5\libc.a(fputc.o)

.note.gnu.build-id
 *(.note.gnu.build-id)

.debug
 *(.debug)

.line
 *(.line)

.debug_srcinfo
 *(.debug_srcinfo)

.debug_sfnames
 *(.debug_sfnames)

.debug_aranges  0x00000000      0x320
 *(.debug_aranges)
 .debug_aranges
                0x00000000       0x60 src/config/adc.o
 .debug_aranges
                0x00000060       0x38 src/config/can_controller.o
 .debug_aranges
                0x00000098       0x78 src/config/communication.o
 .debug_aranges
                0x00000110       0x50 src/config/mcp2515_driver.o
 .debug_aranges
                0x00000160      0x100 src/config/oled.o
 .debug_aranges
                0x00000260       0x30 src/config/spi.o
 .debug_aranges
                0x00000290       0x30 src/config/usart.o
 .debug_aranges
                0x000002c0       0x38 src/config/xmem.o
 .debug_aranges
                0x000002f8       0x28 src/main.o

.debug_pubnames
 *(.debug_pubnames)

.debug_info     0x00000000     0x44db
 *(.debug_info .gnu.linkonce.wi.*)
 .debug_info    0x00000000      0x6be src/config/adc.o
 .debug_info    0x000006be      0x6d6 src/config/can_controller.o
 .debug_info    0x00000d94      0xaf6 src/config/communication.o
 .debug_info    0x0000188a      0x3b0 src/config/mcp2515_driver.o
 .debug_info    0x00001c3a     0x1d5f src/config/oled.o
 .debug_info    0x00003999      0x154 src/config/spi.o
 .debug_info    0x00003aed      0x1f0 src/config/usart.o
 .debug_info    0x00003cdd      0x2da src/config/xmem.o
 .debug_info    0x00003fb7      0x524 src/main.o

.debug_abbrev   0x00000000     0x12ac
 *(.debug_abbrev)
 .debug_abbrev  0x00000000      0x2c3 src/config/adc.o
 .debug_abbrev  0x000002c3      0x24a src/config/can_controller.o
 .debug_abbrev  0x0000050d      0x2cc src/config/communication.o
 .debug_abbrev  0x000007d9      0x167 src/config/mcp2515_driver.o
 .debug_abbrev  0x00000940      0x38d src/config/oled.o
 .debug_abbrev  0x00000ccd       0xf1 src/config/spi.o
 .debug_abbrev  0x00000dbe      0x132 src/config/usart.o
 .debug_abbrev  0x00000ef0      0x189 src/config/xmem.o
 .debug_abbrev  0x00001079      0x233 src/main.o

.debug_line     0x00000000     0x2f53
 *(.debug_line .debug_line.* .debug_line_end)
 .debug_line    0x00000000      0x517 src/config/adc.o
 .debug_line    0x00000517      0x48c src/config/can_controller.o
 .debug_line    0x000009a3      0x880 src/config/communication.o
 .debug_line    0x00001223      0x3ea src/config/mcp2515_driver.o
 .debug_line    0x0000160d      0xadd src/config/oled.o
 .debug_line    0x000020ea      0x30d src/config/spi.o
 .debug_line    0x000023f7      0x329 src/config/usart.o
 .debug_line    0x00002720      0x3be src/config/xmem.o
 .debug_line    0x00002ade      0x475 src/main.o

.debug_frame    0x00000000      0x854
 *(.debug_frame)
 .debug_frame   0x00000000       0xc0 src/config/adc.o
 .debug_frame   0x000000c0       0xb0 src/config/can_controller.o
 .debug_frame   0x00000170      0x128 src/config/communication.o
 .debug_frame   0x00000298      0x100 src/config/mcp2515_driver.o
 .debug_frame   0x00000398      0x318 src/config/oled.o
 .debug_frame   0x000006b0       0x54 src/config/spi.o
 .debug_frame   0x00000704       0x44 src/config/usart.o
 .debug_frame   0x00000748       0xc8 src/config/xmem.o
 .debug_frame   0x00000810       0x44 src/main.o

.debug_str      0x00000000     0x977d
 *(.debug_str)
 .debug_str     0x00000000     0x6dae src/config/adc.o
                               0x6ee2 (size before relaxing)
 .debug_str     0x00006dae      0xde7 src/config/can_controller.o
                               0x790a (size before relaxing)
 .debug_str     0x00007b95      0x4bf src/config/communication.o
                               0x802a (size before relaxing)
 .debug_str     0x00008054       0x7f src/config/mcp2515_driver.o
                               0x6e8b (size before relaxing)
 .debug_str     0x000080d3     0x1499 src/config/oled.o
                               0x7f29 (size before relaxing)
 .debug_str     0x0000956c       0x42 src/config/spi.o
                               0x6674 (size before relaxing)
 .debug_str     0x000095ae       0x9b src/config/usart.o
                               0x6aeb (size before relaxing)
 .debug_str     0x00009649       0xdc src/config/xmem.o
                               0x6dfd (size before relaxing)
 .debug_str     0x00009725       0x58 src/main.o
                               0x7ec5 (size before relaxing)

.debug_loc      0x00000000     0x1ece
 *(.debug_loc)
 .debug_loc     0x00000000      0x2b4 src/config/adc.o
 .debug_loc     0x000002b4      0x2c4 src/config/can_controller.o
 .debug_loc     0x00000578      0x491 src/config/communication.o
 .debug_loc     0x00000a09      0x3a2 src/config/mcp2515_driver.o
 .debug_loc     0x00000dab      0xcfd src/config/oled.o
 .debug_loc     0x00001aa8       0xcb src/config/spi.o
 .debug_loc     0x00001b73       0x26 src/config/usart.o
 .debug_loc     0x00001b99      0x1f6 src/config/xmem.o
 .debug_loc     0x00001d8f      0x13f src/main.o

.debug_macinfo
 *(.debug_macinfo)

.debug_weaknames
 *(.debug_weaknames)

.debug_funcnames
 *(.debug_funcnames)

.debug_typenames
 *(.debug_typenames)

.debug_varnames
 *(.debug_varnames)

.debug_pubtypes
 *(.debug_pubtypes)

.debug_ranges   0x00000000      0x2f0
 *(.debug_ranges)
 .debug_ranges  0x00000000       0x50 src/config/adc.o
 .debug_ranges  0x00000050       0x28 src/config/can_controller.o
 .debug_ranges  0x00000078       0x68 src/config/communication.o
 .debug_ranges  0x000000e0       0x40 src/config/mcp2515_driver.o
 .debug_ranges  0x00000120      0x120 src/config/oled.o
 .debug_ranges  0x00000240       0x20 src/config/spi.o
 .debug_ranges  0x00000260       0x20 src/config/usart.o
 .debug_ranges  0x00000280       0x58 src/config/xmem.o
 .debug_ranges  0x000002d8       0x18 src/main.o

.debug_macro    0x00000000     0x1628
 *(.debug_macro)
 .debug_macro   0x00000000      0x104 src/config/adc.o
 .debug_macro   0x00000104       0x10 src/config/adc.o
 .debug_macro   0x00000114      0x16d src/config/adc.o
 .debug_macro   0x00000281       0x58 src/config/adc.o
 .debug_macro   0x000002d9       0x10 src/config/adc.o
 .debug_macro   0x000002e9       0x97 src/config/adc.o
 .debug_macro   0x00000380       0xeb src/config/adc.o
 .debug_macro   0x0000046b       0x97 src/config/adc.o
 .debug_macro   0x00000502       0x60 src/config/adc.o
 .debug_macro   0x00000562       0x10 src/config/adc.o
 .debug_macro   0x00000572       0x10 src/config/adc.o
 .debug_macro   0x00000582      0x111 src/config/can_controller.o
 .debug_macro   0x00000693      0x2b8 src/config/can_controller.o
 .debug_macro   0x0000094b       0x1c src/config/can_controller.o
 .debug_macro   0x00000967       0x63 src/config/can_controller.o
 .debug_macro   0x000009ca       0x34 src/config/can_controller.o
 .debug_macro   0x000009fe      0x158 src/config/communication.o
 .debug_macro   0x00000b56       0x22 src/config/communication.o
 .debug_macro   0x00000b78       0x16 src/config/communication.o
 .debug_macro   0x00000b8e       0x20 src/config/communication.o
 .debug_macro   0x00000bae       0xbb src/config/mcp2515_driver.o
 .debug_macro   0x00000c69      0x115 src/config/oled.o
 .debug_macro   0x00000d7e       0x89 src/config/oled.o
 .debug_macro   0x00000e07       0xaa src/config/oled.o
 .debug_macro   0x00000eb1       0xee src/config/oled.o
 .debug_macro   0x00000f9f       0xa8 src/config/spi.o
 .debug_macro   0x00001047       0xd9 src/config/usart.o
 .debug_macro   0x00001120      0x100 src/config/xmem.o
 .debug_macro   0x00001220      0x10e src/config/xmem.o
 .debug_macro   0x0000132e      0x167 src/config/xmem.o
 .debug_macro   0x00001495      0x17d src/main.o
 .debug_macro   0x00001612       0x16 src/main.o
OUTPUT(Ping Pong_6_2.elf elf32-avr)
LOAD linker stubs
